[2020-05-04T22:09:11.348-0700][gc,heap] Heap region size: 1M
[2020-05-04T22:09:11.356-0700][gc     ] Using G1
[2020-05-04T22:09:11.356-0700][gc,heap,coops] Heap address: 0x00000000c0000000, size: 1024 MB, Compressed Oops mode: 32-bit
[2020-05-04T22:09:11.356-0700][gc,cds       ] Mark closed archive regions in map: [0x00000000fff00000, 0x00000000fff69ff8]
[2020-05-04T22:09:11.356-0700][gc,cds       ] Mark open archive regions in map: [0x00000000ffe00000, 0x00000000ffe46ff8]
[2020-05-04T22:09:12.199-0700][gc,start     ] GC(0) Pause Young (Normal) (G1 Evacuation Pause)
[2020-05-04T22:09:12.200-0700][gc,task      ] GC(0) Using 8 workers of 8 for evacuation
[2020-05-04T22:09:12.207-0700][gc,phases    ] GC(0)   Pre Evacuate Collection Set: 0.0ms
[2020-05-04T22:09:12.207-0700][gc,phases    ] GC(0)   Evacuate Collection Set: 6.4ms
[2020-05-04T22:09:12.207-0700][gc,phases    ] GC(0)   Post Evacuate Collection Set: 0.4ms
[2020-05-04T22:09:12.207-0700][gc,phases    ] GC(0)   Other: 0.9ms
[2020-05-04T22:09:12.207-0700][gc,heap      ] GC(0) Eden regions: 51->0(44)
[2020-05-04T22:09:12.207-0700][gc,heap      ] GC(0) Survivor regions: 0->7(7)
[2020-05-04T22:09:12.207-0700][gc,heap      ] GC(0) Old regions: 2->2
[2020-05-04T22:09:12.207-0700][gc,heap      ] GC(0) Humongous regions: 0->0
[2020-05-04T22:09:12.207-0700][gc,metaspace ] GC(0) Metaspace: 15486K->15486K(1062912K)
[2020-05-04T22:09:12.207-0700][gc           ] GC(0) Pause Young (Normal) (G1 Evacuation Pause) 51M->6M(1024M) 7.758ms
[2020-05-04T22:09:12.207-0700][gc,cpu       ] GC(0) User=0.05s Sys=0.00s Real=0.00s
[2020-05-04T22:09:12.494-0700][gc,start     ] GC(1) Pause Young (Concurrent Start) (Metadata GC Threshold)
[2020-05-04T22:09:12.494-0700][gc,task      ] GC(1) Using 8 workers of 8 for evacuation
[2020-05-04T22:09:12.500-0700][gc,phases    ] GC(1)   Pre Evacuate Collection Set: 0.0ms
[2020-05-04T22:09:12.500-0700][gc,phases    ] GC(1)   Evacuate Collection Set: 5.9ms
[2020-05-04T22:09:12.500-0700][gc,phases    ] GC(1)   Post Evacuate Collection Set: 0.4ms
[2020-05-04T22:09:12.500-0700][gc,phases    ] GC(1)   Other: 0.2ms
[2020-05-04T22:09:12.500-0700][gc,heap      ] GC(1) Eden regions: 22->0(49)
[2020-05-04T22:09:12.500-0700][gc,heap      ] GC(1) Survivor regions: 7->2(7)
[2020-05-04T22:09:12.500-0700][gc,heap      ] GC(1) Old regions: 2->9
[2020-05-04T22:09:12.500-0700][gc,heap      ] GC(1) Humongous regions: 129->129
[2020-05-04T22:09:12.500-0700][gc,metaspace ] GC(1) Metaspace: 20571K->20571K(1067008K)
[2020-05-04T22:09:12.500-0700][gc           ] GC(1) Pause Young (Concurrent Start) (Metadata GC Threshold) 157M->137M(1024M) 6.624ms
[2020-05-04T22:09:12.500-0700][gc,cpu       ] GC(1) User=0.04s Sys=0.00s Real=0.01s
[2020-05-04T22:09:12.500-0700][gc           ] GC(2) Concurrent Cycle
[2020-05-04T22:09:12.500-0700][gc,marking   ] GC(2) Concurrent Clear Claimed Marks
[2020-05-04T22:09:12.500-0700][gc,marking   ] GC(2) Concurrent Clear Claimed Marks 0.039ms
[2020-05-04T22:09:12.500-0700][gc,marking   ] GC(2) Concurrent Scan Root Regions
[2020-05-04T22:09:12.501-0700][gc,marking   ] GC(2) Concurrent Scan Root Regions 0.799ms
[2020-05-04T22:09:12.501-0700][gc,marking   ] GC(2) Concurrent Mark (1.156s)
[2020-05-04T22:09:12.501-0700][gc,marking   ] GC(2) Concurrent Mark From Roots
[2020-05-04T22:09:12.501-0700][gc,task      ] GC(2) Using 2 workers of 2 for marking
[2020-05-04T22:09:12.506-0700][gc,marking   ] GC(2) Concurrent Mark From Roots 4.334ms
[2020-05-04T22:09:12.506-0700][gc,marking   ] GC(2) Concurrent Preclean
[2020-05-04T22:09:12.506-0700][gc,marking   ] GC(2) Concurrent Preclean 0.097ms
[2020-05-04T22:09:12.506-0700][gc,marking   ] GC(2) Concurrent Mark (1.156s, 1.160s) 4.473ms
[2020-05-04T22:09:12.506-0700][gc,start     ] GC(2) Pause Remark
[2020-05-04T22:09:12.507-0700][gc,stringtable] GC(2) Cleaned string and symbol table, strings: 4945 processed, 0 removed, symbols: 50830 processed, 44 removed
[2020-05-04T22:09:12.508-0700][gc            ] GC(2) Pause Remark 137M->137M(1024M) 1.643ms
[2020-05-04T22:09:12.508-0700][gc,cpu        ] GC(2) User=0.01s Sys=0.00s Real=0.01s
[2020-05-04T22:09:12.508-0700][gc,marking    ] GC(2) Concurrent Rebuild Remembered Sets
[2020-05-04T22:09:12.510-0700][gc,marking    ] GC(2) Concurrent Rebuild Remembered Sets 2.444ms
[2020-05-04T22:09:12.510-0700][gc,start      ] GC(2) Pause Cleanup
[2020-05-04T22:09:12.511-0700][gc            ] GC(2) Pause Cleanup 138M->138M(1024M) 0.263ms
[2020-05-04T22:09:12.511-0700][gc,cpu        ] GC(2) User=0.00s Sys=0.00s Real=0.00s
[2020-05-04T22:09:12.511-0700][gc,marking    ] GC(2) Concurrent Cleanup for Next Mark
[2020-05-04T22:09:12.516-0700][gc,marking    ] GC(2) Concurrent Cleanup for Next Mark 4.912ms
[2020-05-04T22:09:12.516-0700][gc            ] GC(2) Concurrent Cycle 15.158ms
[2020-05-04T22:09:13.033-0700][gc,start      ] GC(3) Pause Young (Normal) (G1 Evacuation Pause)
[2020-05-04T22:09:13.033-0700][gc,task       ] GC(3) Using 8 workers of 8 for evacuation
[2020-05-04T22:09:13.039-0700][gc,phases     ] GC(3)   Pre Evacuate Collection Set: 0.0ms
[2020-05-04T22:09:13.039-0700][gc,phases     ] GC(3)   Evacuate Collection Set: 5.4ms
[2020-05-04T22:09:13.039-0700][gc,phases     ] GC(3)   Post Evacuate Collection Set: 0.5ms
[2020-05-04T22:09:13.039-0700][gc,phases     ] GC(3)   Other: 0.2ms
[2020-05-04T22:09:13.039-0700][gc,heap       ] GC(3) Eden regions: 49->0(46)
[2020-05-04T22:09:13.039-0700][gc,heap       ] GC(3) Survivor regions: 2->5(7)
[2020-05-04T22:09:13.039-0700][gc,heap       ] GC(3) Old regions: 9->9
[2020-05-04T22:09:13.039-0700][gc,heap       ] GC(3) Humongous regions: 129->129
[2020-05-04T22:09:13.039-0700][gc,metaspace  ] GC(3) Metaspace: 30019K->30019K(1077248K)
[2020-05-04T22:09:13.039-0700][gc            ] GC(3) Pause Young (Normal) (G1 Evacuation Pause) 186M->140M(1024M) 6.137ms
[2020-05-04T22:09:13.039-0700][gc,cpu        ] GC(3) User=0.03s Sys=0.00s Real=0.01s
[2020-05-04T22:09:36.767-0700][gc,start      ] GC(4) Pause Young (Concurrent Start) (Metadata GC Threshold)
[2020-05-04T22:09:36.767-0700][gc,task       ] GC(4) Using 8 workers of 8 for evacuation
[2020-05-04T22:09:36.786-0700][gc,phases     ] GC(4)   Pre Evacuate Collection Set: 0.2ms
[2020-05-04T22:09:36.787-0700][gc,phases     ] GC(4)   Evacuate Collection Set: 17.5ms
[2020-05-04T22:09:36.787-0700][gc,phases     ] GC(4)   Post Evacuate Collection Set: 1.1ms
[2020-05-04T22:09:36.787-0700][gc,phases     ] GC(4)   Other: 0.5ms
[2020-05-04T22:09:36.787-0700][gc,heap       ] GC(4) Eden regions: 21->0(49)
[2020-05-04T22:09:36.787-0700][gc,heap       ] GC(4) Survivor regions: 5->2(7)
[2020-05-04T22:09:36.787-0700][gc,heap       ] GC(4) Old regions: 9->13
[2020-05-04T22:09:36.787-0700][gc,heap       ] GC(4) Humongous regions: 129->129
[2020-05-04T22:09:36.787-0700][gc,metaspace  ] GC(4) Metaspace: 34201K->34201K(1081344K)
[2020-05-04T22:09:36.787-0700][gc            ] GC(4) Pause Young (Concurrent Start) (Metadata GC Threshold) 160M->142M(1024M) 19.520ms
[2020-05-04T22:09:36.787-0700][gc,cpu        ] GC(4) User=0.09s Sys=0.01s Real=0.01s
[2020-05-04T22:09:36.787-0700][gc            ] GC(5) Concurrent Cycle
[2020-05-04T22:09:36.787-0700][gc,marking    ] GC(5) Concurrent Clear Claimed Marks
[2020-05-04T22:09:36.787-0700][gc,marking    ] GC(5) Concurrent Clear Claimed Marks 0.235ms
[2020-05-04T22:09:36.787-0700][gc,marking    ] GC(5) Concurrent Scan Root Regions
[2020-05-04T22:09:36.790-0700][gc,marking    ] GC(5) Concurrent Scan Root Regions 2.873ms
[2020-05-04T22:09:36.790-0700][gc,marking    ] GC(5) Concurrent Mark (25.445s)
[2020-05-04T22:09:36.790-0700][gc,marking    ] GC(5) Concurrent Mark From Roots
[2020-05-04T22:09:36.790-0700][gc,task       ] GC(5) Using 2 workers of 2 for marking
[2020-05-04T22:09:36.813-0700][gc,marking    ] GC(5) Concurrent Mark From Roots 22.860ms
[2020-05-04T22:09:36.813-0700][gc,marking    ] GC(5) Concurrent Preclean
[2020-05-04T22:09:36.813-0700][gc,marking    ] GC(5) Concurrent Preclean 0.199ms
[2020-05-04T22:09:36.813-0700][gc,marking    ] GC(5) Concurrent Mark (25.445s, 25.468s) 23.124ms
[2020-05-04T22:09:36.813-0700][gc,start      ] GC(5) Pause Remark
[2020-05-04T22:09:36.816-0700][gc,stringtable] GC(5) Cleaned string and symbol table, strings: 10274 processed, 11 removed, symbols: 79163 processed, 19 removed
[2020-05-04T22:09:36.816-0700][gc            ] GC(5) Pause Remark 142M->142M(1024M) 2.693ms
[2020-05-04T22:09:36.816-0700][gc,cpu        ] GC(5) User=0.01s Sys=0.00s Real=0.01s
[2020-05-04T22:09:36.816-0700][gc,marking    ] GC(5) Concurrent Rebuild Remembered Sets
[2020-05-04T22:09:36.823-0700][gc,marking    ] GC(5) Concurrent Rebuild Remembered Sets 6.524ms
[2020-05-04T22:09:36.823-0700][gc,start      ] GC(5) Pause Cleanup
[2020-05-04T22:09:36.823-0700][gc            ] GC(5) Pause Cleanup 142M->142M(1024M) 0.136ms
[2020-05-04T22:09:36.823-0700][gc,cpu        ] GC(5) User=0.00s Sys=0.00s Real=0.00s
[2020-05-04T22:09:36.823-0700][gc,marking    ] GC(5) Concurrent Cleanup for Next Mark
[2020-05-04T22:09:36.827-0700][gc,marking    ] GC(5) Concurrent Cleanup for Next Mark 3.851ms
[2020-05-04T22:09:36.827-0700][gc            ] GC(5) Concurrent Cycle 40.101ms
[2020-05-04T22:13:02.014-0700][gc,start      ] GC(6) Pause Young (Normal) (G1 Evacuation Pause)
[2020-05-04T22:13:02.014-0700][gc,task       ] GC(6) Using 8 workers of 8 for evacuation
[2020-05-04T22:13:02.021-0700][gc,phases     ] GC(6)   Pre Evacuate Collection Set: 0.0ms
[2020-05-04T22:13:02.021-0700][gc,phases     ] GC(6)   Evacuate Collection Set: 6.3ms
[2020-05-04T22:13:02.021-0700][gc,phases     ] GC(6)   Post Evacuate Collection Set: 0.5ms
[2020-05-04T22:13:02.021-0700][gc,phases     ] GC(6)   Other: 0.3ms
[2020-05-04T22:13:02.021-0700][gc,heap       ] GC(6) Eden regions: 49->0(47)
[2020-05-04T22:13:02.021-0700][gc,heap       ] GC(6) Survivor regions: 2->4(7)
[2020-05-04T22:13:02.021-0700][gc,heap       ] GC(6) Old regions: 13->13
[2020-05-04T22:13:02.021-0700][gc,heap       ] GC(6) Humongous regions: 129->129
[2020-05-04T22:13:02.021-0700][gc,metaspace  ] GC(6) Metaspace: 37682K->37682K(1083392K)
[2020-05-04T22:13:02.021-0700][gc            ] GC(6) Pause Young (Normal) (G1 Evacuation Pause) 191M->144M(1024M) 7.192ms
[2020-05-04T22:13:02.021-0700][gc,cpu        ] GC(6) User=0.05s Sys=0.00s Real=0.01s
[2020-05-04T22:16:27.892-0700][gc,start      ] GC(7) Pause Young (Normal) (G1 Evacuation Pause)
[2020-05-04T22:16:27.892-0700][gc,task       ] GC(7) Using 8 workers of 8 for evacuation
[2020-05-04T22:16:27.909-0700][gc,phases     ] GC(7)   Pre Evacuate Collection Set: 0.1ms
[2020-05-04T22:16:27.909-0700][gc,phases     ] GC(7)   Evacuate Collection Set: 14.8ms
[2020-05-04T22:16:27.909-0700][gc,phases     ] GC(7)   Post Evacuate Collection Set: 1.3ms
[2020-05-04T22:16:27.909-0700][gc,phases     ] GC(7)   Other: 0.4ms
[2020-05-04T22:16:27.909-0700][gc,heap       ] GC(7) Eden regions: 47->0(46)
[2020-05-04T22:16:27.909-0700][gc,heap       ] GC(7) Survivor regions: 4->5(7)
[2020-05-04T22:16:27.909-0700][gc,heap       ] GC(7) Old regions: 13->14
[2020-05-04T22:16:27.909-0700][gc,heap       ] GC(7) Humongous regions: 129->129
[2020-05-04T22:16:27.909-0700][gc,metaspace  ] GC(7) Metaspace: 38159K->38159K(1083392K)
[2020-05-04T22:16:27.909-0700][gc            ] GC(7) Pause Young (Normal) (G1 Evacuation Pause) 191M->146M(1024M) 16.788ms
[2020-05-04T22:16:27.909-0700][gc,cpu        ] GC(7) User=0.10s Sys=0.00s Real=0.02s
