[2020-05-04T21:18:55.509-0700][gc,heap] Heap region size: 1M
[2020-05-04T21:18:55.517-0700][gc     ] Using G1
[2020-05-04T21:18:55.517-0700][gc,heap,coops] Heap address: 0x00000000c0000000, size: 1024 MB, Compressed Oops mode: 32-bit
[2020-05-04T21:18:55.517-0700][gc,cds       ] Mark closed archive regions in map: [0x00000000fff00000, 0x00000000fff69ff8]
[2020-05-04T21:18:55.517-0700][gc,cds       ] Mark open archive regions in map: [0x00000000ffe00000, 0x00000000ffe46ff8]
[2020-05-04T21:18:56.276-0700][gc,start     ] GC(0) Pause Young (Normal) (G1 Evacuation Pause)
[2020-05-04T21:18:56.276-0700][gc,task      ] GC(0) Using 8 workers of 8 for evacuation
[2020-05-04T21:18:56.284-0700][gc,phases    ] GC(0)   Pre Evacuate Collection Set: 0.0ms
[2020-05-04T21:18:56.284-0700][gc,phases    ] GC(0)   Evacuate Collection Set: 7.0ms
[2020-05-04T21:18:56.284-0700][gc,phases    ] GC(0)   Post Evacuate Collection Set: 0.5ms
[2020-05-04T21:18:56.284-0700][gc,phases    ] GC(0)   Other: 0.8ms
[2020-05-04T21:18:56.284-0700][gc,heap      ] GC(0) Eden regions: 51->0(44)
[2020-05-04T21:18:56.284-0700][gc,heap      ] GC(0) Survivor regions: 0->7(7)
[2020-05-04T21:18:56.284-0700][gc,heap      ] GC(0) Old regions: 2->2
[2020-05-04T21:18:56.284-0700][gc,heap      ] GC(0) Humongous regions: 0->0
[2020-05-04T21:18:56.284-0700][gc,metaspace ] GC(0) Metaspace: 15485K->15485K(1062912K)
[2020-05-04T21:18:56.284-0700][gc           ] GC(0) Pause Young (Normal) (G1 Evacuation Pause) 51M->7M(1024M) 8.364ms
[2020-05-04T21:18:56.284-0700][gc,cpu       ] GC(0) User=0.06s Sys=0.00s Real=0.00s
[2020-05-04T21:18:56.484-0700][gc,start     ] GC(1) Pause Young (Concurrent Start) (Metadata GC Threshold)
[2020-05-04T21:18:56.484-0700][gc,task      ] GC(1) Using 8 workers of 8 for evacuation
[2020-05-04T21:18:56.491-0700][gc,phases    ] GC(1)   Pre Evacuate Collection Set: 0.0ms
[2020-05-04T21:18:56.491-0700][gc,phases    ] GC(1)   Evacuate Collection Set: 7.0ms
[2020-05-04T21:18:56.491-0700][gc,phases    ] GC(1)   Post Evacuate Collection Set: 0.3ms
[2020-05-04T21:18:56.491-0700][gc,phases    ] GC(1)   Other: 0.2ms
[2020-05-04T21:18:56.491-0700][gc,heap      ] GC(1) Eden regions: 21->0(50)
[2020-05-04T21:18:56.491-0700][gc,heap      ] GC(1) Survivor regions: 7->1(7)
[2020-05-04T21:18:56.491-0700][gc,heap      ] GC(1) Old regions: 2->9
[2020-05-04T21:18:56.491-0700][gc,heap      ] GC(1) Humongous regions: 0->0
[2020-05-04T21:18:56.491-0700][gc,metaspace ] GC(1) Metaspace: 20568K->20568K(1067008K)
[2020-05-04T21:18:56.491-0700][gc           ] GC(1) Pause Young (Concurrent Start) (Metadata GC Threshold) 27M->7M(1024M) 7.612ms
[2020-05-04T21:18:56.491-0700][gc,cpu       ] GC(1) User=0.03s Sys=0.00s Real=0.01s
[2020-05-04T21:18:56.491-0700][gc           ] GC(2) Concurrent Cycle
[2020-05-04T21:18:56.491-0700][gc,marking   ] GC(2) Concurrent Clear Claimed Marks
[2020-05-04T21:18:56.492-0700][gc,marking   ] GC(2) Concurrent Clear Claimed Marks 0.043ms
[2020-05-04T21:18:56.492-0700][gc,marking   ] GC(2) Concurrent Scan Root Regions
[2020-05-04T21:18:56.493-0700][gc,marking   ] GC(2) Concurrent Scan Root Regions 0.996ms
[2020-05-04T21:18:56.493-0700][gc,marking   ] GC(2) Concurrent Mark (0.986s)
[2020-05-04T21:18:56.493-0700][gc,marking   ] GC(2) Concurrent Mark From Roots
[2020-05-04T21:18:56.493-0700][gc,task      ] GC(2) Using 2 workers of 2 for marking
[2020-05-04T21:18:56.498-0700][gc,marking   ] GC(2) Concurrent Mark From Roots 5.253ms
[2020-05-04T21:18:56.498-0700][gc,marking   ] GC(2) Concurrent Preclean
[2020-05-04T21:18:56.498-0700][gc,marking   ] GC(2) Concurrent Preclean 0.113ms
[2020-05-04T21:18:56.498-0700][gc,marking   ] GC(2) Concurrent Mark (0.986s, 0.992s) 5.408ms
[2020-05-04T21:18:56.498-0700][gc,start     ] GC(2) Pause Remark
[2020-05-04T21:18:56.502-0700][gc,stringtable] GC(2) Cleaned string and symbol table, strings: 4872 processed, 0 removed, symbols: 51213 processed, 47 removed
[2020-05-04T21:18:56.502-0700][gc            ] GC(2) Pause Remark 8M->8M(1024M) 3.854ms
[2020-05-04T21:18:56.502-0700][gc,cpu        ] GC(2) User=0.02s Sys=0.00s Real=0.00s
[2020-05-04T21:18:56.502-0700][gc,marking    ] GC(2) Concurrent Rebuild Remembered Sets
[2020-05-04T21:18:56.505-0700][gc,marking    ] GC(2) Concurrent Rebuild Remembered Sets 3.007ms
[2020-05-04T21:18:56.505-0700][gc,start      ] GC(2) Pause Cleanup
[2020-05-04T21:18:56.505-0700][gc            ] GC(2) Pause Cleanup 8M->8M(1024M) 0.223ms
[2020-05-04T21:18:56.505-0700][gc,cpu        ] GC(2) User=0.00s Sys=0.00s Real=0.00s
[2020-05-04T21:18:56.505-0700][gc,marking    ] GC(2) Concurrent Cleanup for Next Mark
[2020-05-04T21:18:56.509-0700][gc,marking    ] GC(2) Concurrent Cleanup for Next Mark 3.502ms
[2020-05-04T21:18:56.509-0700][gc            ] GC(2) Concurrent Cycle 17.483ms
[2020-05-04T21:18:57.050-0700][gc,start      ] GC(3) Pause Young (Normal) (G1 Evacuation Pause)
[2020-05-04T21:18:57.050-0700][gc,task       ] GC(3) Using 8 workers of 8 for evacuation
[2020-05-04T21:18:57.055-0700][gc,phases     ] GC(3)   Pre Evacuate Collection Set: 0.0ms
[2020-05-04T21:18:57.055-0700][gc,phases     ] GC(3)   Evacuate Collection Set: 4.1ms
[2020-05-04T21:18:57.055-0700][gc,phases     ] GC(3)   Post Evacuate Collection Set: 0.4ms
[2020-05-04T21:18:57.055-0700][gc,phases     ] GC(3)   Other: 0.1ms
[2020-05-04T21:18:57.055-0700][gc,heap       ] GC(3) Eden regions: 50->0(45)
[2020-05-04T21:18:57.055-0700][gc,heap       ] GC(3) Survivor regions: 1->6(7)
[2020-05-04T21:18:57.055-0700][gc,heap       ] GC(3) Old regions: 9->9
[2020-05-04T21:18:57.055-0700][gc,heap       ] GC(3) Humongous regions: 129->129
[2020-05-04T21:18:57.055-0700][gc,metaspace  ] GC(3) Metaspace: 30071K->30071K(1077248K)
[2020-05-04T21:18:57.055-0700][gc            ] GC(3) Pause Young (Normal) (G1 Evacuation Pause) 186M->140M(1024M) 4.725ms
[2020-05-04T21:18:57.055-0700][gc,cpu        ] GC(3) User=0.03s Sys=0.00s Real=0.01s
[2020-05-04T21:19:44.009-0700][gc,start      ] GC(4) Pause Young (Concurrent Start) (Metadata GC Threshold)
[2020-05-04T21:19:44.009-0700][gc,task       ] GC(4) Using 8 workers of 8 for evacuation
[2020-05-04T21:19:44.018-0700][gc,phases     ] GC(4)   Pre Evacuate Collection Set: 0.1ms
[2020-05-04T21:19:44.018-0700][gc,phases     ] GC(4)   Evacuate Collection Set: 7.7ms
[2020-05-04T21:19:44.018-0700][gc,phases     ] GC(4)   Post Evacuate Collection Set: 0.7ms
[2020-05-04T21:19:44.018-0700][gc,phases     ] GC(4)   Other: 0.3ms
[2020-05-04T21:19:44.018-0700][gc,heap       ] GC(4) Eden regions: 21->0(49)
[2020-05-04T21:19:44.018-0700][gc,heap       ] GC(4) Survivor regions: 6->2(7)
[2020-05-04T21:19:44.018-0700][gc,heap       ] GC(4) Old regions: 9->14
[2020-05-04T21:19:44.018-0700][gc,heap       ] GC(4) Humongous regions: 129->129
[2020-05-04T21:19:44.018-0700][gc,metaspace  ] GC(4) Metaspace: 34133K->34133K(1081344K)
[2020-05-04T21:19:44.018-0700][gc            ] GC(4) Pause Young (Concurrent Start) (Metadata GC Threshold) 161M->141M(1024M) 8.892ms
[2020-05-04T21:19:44.018-0700][gc,cpu        ] GC(4) User=0.05s Sys=0.00s Real=0.01s
[2020-05-04T21:19:44.018-0700][gc            ] GC(5) Concurrent Cycle
[2020-05-04T21:19:44.018-0700][gc,marking    ] GC(5) Concurrent Clear Claimed Marks
[2020-05-04T21:19:44.018-0700][gc,marking    ] GC(5) Concurrent Clear Claimed Marks 0.170ms
[2020-05-04T21:19:44.018-0700][gc,marking    ] GC(5) Concurrent Scan Root Regions
[2020-05-04T21:19:44.019-0700][gc,marking    ] GC(5) Concurrent Scan Root Regions 1.287ms
[2020-05-04T21:19:44.019-0700][gc,marking    ] GC(5) Concurrent Mark (48.513s)
[2020-05-04T21:19:44.019-0700][gc,marking    ] GC(5) Concurrent Mark From Roots
[2020-05-04T21:19:44.019-0700][gc,task       ] GC(5) Using 2 workers of 2 for marking
[2020-05-04T21:19:44.032-0700][gc,marking    ] GC(5) Concurrent Mark From Roots 12.583ms
[2020-05-04T21:19:44.032-0700][gc,marking    ] GC(5) Concurrent Preclean
[2020-05-04T21:19:44.032-0700][gc,marking    ] GC(5) Concurrent Preclean 0.179ms
[2020-05-04T21:19:44.032-0700][gc,marking    ] GC(5) Concurrent Mark (48.513s, 48.526s) 12.821ms
[2020-05-04T21:19:44.032-0700][gc,start      ] GC(5) Pause Remark
[2020-05-04T21:19:44.034-0700][gc,stringtable] GC(5) Cleaned string and symbol table, strings: 10242 processed, 10 removed, symbols: 79469 processed, 14 removed
[2020-05-04T21:19:44.034-0700][gc            ] GC(5) Pause Remark 143M->143M(1024M) 1.935ms
[2020-05-04T21:19:44.034-0700][gc,cpu        ] GC(5) User=0.01s Sys=0.00s Real=0.00s
[2020-05-04T21:19:44.034-0700][gc,marking    ] GC(5) Concurrent Rebuild Remembered Sets
[2020-05-04T21:19:44.041-0700][gc,marking    ] GC(5) Concurrent Rebuild Remembered Sets 6.621ms
[2020-05-04T21:19:44.041-0700][gc,start      ] GC(5) Pause Cleanup
[2020-05-04T21:19:44.041-0700][gc            ] GC(5) Pause Cleanup 143M->143M(1024M) 0.258ms
[2020-05-04T21:19:44.041-0700][gc,cpu        ] GC(5) User=0.00s Sys=0.00s Real=0.00s
[2020-05-04T21:19:44.041-0700][gc,marking    ] GC(5) Concurrent Cleanup for Next Mark
[2020-05-04T21:19:44.046-0700][gc,marking    ] GC(5) Concurrent Cleanup for Next Mark 4.824ms
[2020-05-04T21:19:44.046-0700][gc            ] GC(5) Concurrent Cycle 28.522ms
[2020-05-04T21:25:07.180-0700][gc,start      ] GC(6) Pause Young (Normal) (G1 Evacuation Pause)
[2020-05-04T21:25:07.180-0700][gc,task       ] GC(6) Using 8 workers of 8 for evacuation
[2020-05-04T21:25:07.190-0700][gc,phases     ] GC(6)   Pre Evacuate Collection Set: 0.0ms
[2020-05-04T21:25:07.190-0700][gc,phases     ] GC(6)   Evacuate Collection Set: 9.0ms
[2020-05-04T21:25:07.191-0700][gc,phases     ] GC(6)   Post Evacuate Collection Set: 1.3ms
[2020-05-04T21:25:07.191-0700][gc,phases     ] GC(6)   Other: 0.4ms
[2020-05-04T21:25:07.191-0700][gc,heap       ] GC(6) Eden regions: 49->0(47)
[2020-05-04T21:25:07.191-0700][gc,heap       ] GC(6) Survivor regions: 2->4(7)
[2020-05-04T21:25:07.191-0700][gc,heap       ] GC(6) Old regions: 14->14
[2020-05-04T21:25:07.191-0700][gc,heap       ] GC(6) Humongous regions: 129->129
[2020-05-04T21:25:07.191-0700][gc,metaspace  ] GC(6) Metaspace: 37564K->37564K(1083392K)
[2020-05-04T21:25:07.191-0700][gc            ] GC(6) Pause Young (Normal) (G1 Evacuation Pause) 190M->144M(1024M) 10.953ms
[2020-05-04T21:25:07.191-0700][gc,cpu        ] GC(6) User=0.07s Sys=0.00s Real=0.01s
[2020-05-04T21:43:26.862-0700][gc,start      ] GC(7) Pause Young (Normal) (G1 Evacuation Pause)
[2020-05-04T21:43:26.862-0700][gc,task       ] GC(7) Using 8 workers of 8 for evacuation
[2020-05-04T21:43:26.873-0700][gc,phases     ] GC(7)   Pre Evacuate Collection Set: 0.0ms
[2020-05-04T21:43:26.873-0700][gc,phases     ] GC(7)   Evacuate Collection Set: 8.9ms
[2020-05-04T21:43:26.873-0700][gc,phases     ] GC(7)   Post Evacuate Collection Set: 1.3ms
[2020-05-04T21:43:26.873-0700][gc,phases     ] GC(7)   Other: 0.4ms
[2020-05-04T21:43:26.873-0700][gc,heap       ] GC(7) Eden regions: 47->0(47)
[2020-05-04T21:43:26.873-0700][gc,heap       ] GC(7) Survivor regions: 4->4(7)
[2020-05-04T21:43:26.873-0700][gc,heap       ] GC(7) Old regions: 14->14
[2020-05-04T21:43:26.873-0700][gc,heap       ] GC(7) Humongous regions: 129->129
[2020-05-04T21:43:26.873-0700][gc,metaspace  ] GC(7) Metaspace: 38639K->38639K(1085440K)
[2020-05-04T21:43:26.873-0700][gc            ] GC(7) Pause Young (Normal) (G1 Evacuation Pause) 191M->144M(1024M) 10.803ms
[2020-05-04T21:43:26.873-0700][gc,cpu        ] GC(7) User=0.07s Sys=0.00s Real=0.01s
[2020-05-04T21:51:57.163-0700][gc,start      ] GC(8) Pause Young (Normal) (G1 Evacuation Pause)
[2020-05-04T21:51:57.163-0700][gc,task       ] GC(8) Using 8 workers of 8 for evacuation
[2020-05-04T21:51:57.179-0700][gc,phases     ] GC(8)   Pre Evacuate Collection Set: 0.0ms
[2020-05-04T21:51:57.179-0700][gc,phases     ] GC(8)   Evacuate Collection Set: 12.2ms
[2020-05-04T21:51:57.179-0700][gc,phases     ] GC(8)   Post Evacuate Collection Set: 3.8ms
[2020-05-04T21:51:57.179-0700][gc,phases     ] GC(8)   Other: 0.4ms
[2020-05-04T21:51:57.179-0700][gc,heap       ] GC(8) Eden regions: 47->0(45)
[2020-05-04T21:51:57.179-0700][gc,heap       ] GC(8) Survivor regions: 4->6(7)
[2020-05-04T21:51:57.179-0700][gc,heap       ] GC(8) Old regions: 14->14
[2020-05-04T21:51:57.179-0700][gc,heap       ] GC(8) Humongous regions: 129->129
[2020-05-04T21:51:57.179-0700][gc,metaspace  ] GC(8) Metaspace: 38961K->38961K(1085440K)
[2020-05-04T21:51:57.179-0700][gc            ] GC(8) Pause Young (Normal) (G1 Evacuation Pause) 191M->146M(1024M) 16.679ms
[2020-05-04T21:51:57.179-0700][gc,cpu        ] GC(8) User=0.10s Sys=0.01s Real=0.02s
[2020-05-04T21:55:06.006-0700][gc,start      ] GC(9) Pause Young (Normal) (G1 Evacuation Pause)
[2020-05-04T21:55:06.006-0700][gc,task       ] GC(9) Using 8 workers of 8 for evacuation
[2020-05-04T21:55:06.024-0700][gc,phases     ] GC(9)   Pre Evacuate Collection Set: 0.0ms
[2020-05-04T21:55:06.024-0700][gc,phases     ] GC(9)   Evacuate Collection Set: 13.4ms
[2020-05-04T21:55:06.024-0700][gc,phases     ] GC(9)   Post Evacuate Collection Set: 4.5ms
[2020-05-04T21:55:06.024-0700][gc,phases     ] GC(9)   Other: 0.4ms
[2020-05-04T21:55:06.024-0700][gc,heap       ] GC(9) Eden regions: 45->0(47)
[2020-05-04T21:55:06.024-0700][gc,heap       ] GC(9) Survivor regions: 6->4(7)
[2020-05-04T21:55:06.024-0700][gc,heap       ] GC(9) Old regions: 14->16
[2020-05-04T21:55:06.024-0700][gc,heap       ] GC(9) Humongous regions: 129->129
[2020-05-04T21:55:06.024-0700][gc,metaspace  ] GC(9) Metaspace: 39227K->39227K(1085440K)
[2020-05-04T21:55:06.024-0700][gc            ] GC(9) Pause Young (Normal) (G1 Evacuation Pause) 191M->146M(1024M) 18.561ms
[2020-05-04T21:55:06.024-0700][gc,cpu        ] GC(9) User=0.12s Sys=0.00s Real=0.02s
