[2020-05-04T21:58:37.853-0700][gc,heap] Heap region size: 1M
[2020-05-04T21:58:37.865-0700][gc     ] Using G1
[2020-05-04T21:58:37.865-0700][gc,heap,coops] Heap address: 0x00000000c0000000, size: 1024 MB, Compressed Oops mode: 32-bit
[2020-05-04T21:58:37.865-0700][gc,cds       ] Mark closed archive regions in map: [0x00000000fff00000, 0x00000000fff69ff8]
[2020-05-04T21:58:37.865-0700][gc,cds       ] Mark open archive regions in map: [0x00000000ffe00000, 0x00000000ffe46ff8]
[2020-05-04T21:58:38.643-0700][gc,start     ] GC(0) Pause Young (Normal) (G1 Evacuation Pause)
[2020-05-04T21:58:38.644-0700][gc,task      ] GC(0) Using 8 workers of 8 for evacuation
[2020-05-04T21:58:38.650-0700][gc,phases    ] GC(0)   Pre Evacuate Collection Set: 0.0ms
[2020-05-04T21:58:38.650-0700][gc,phases    ] GC(0)   Evacuate Collection Set: 6.2ms
[2020-05-04T21:58:38.650-0700][gc,phases    ] GC(0)   Post Evacuate Collection Set: 0.4ms
[2020-05-04T21:58:38.650-0700][gc,phases    ] GC(0)   Other: 0.8ms
[2020-05-04T21:58:38.650-0700][gc,heap      ] GC(0) Eden regions: 51->0(44)
[2020-05-04T21:58:38.650-0700][gc,heap      ] GC(0) Survivor regions: 0->7(7)
[2020-05-04T21:58:38.650-0700][gc,heap      ] GC(0) Old regions: 2->2
[2020-05-04T21:58:38.650-0700][gc,heap      ] GC(0) Humongous regions: 0->0
[2020-05-04T21:58:38.650-0700][gc,metaspace ] GC(0) Metaspace: 15489K->15489K(1062912K)
[2020-05-04T21:58:38.650-0700][gc           ] GC(0) Pause Young (Normal) (G1 Evacuation Pause) 51M->6M(1024M) 7.444ms
[2020-05-04T21:58:38.650-0700][gc,cpu       ] GC(0) User=0.05s Sys=0.01s Real=0.01s
[2020-05-04T21:58:41.834-0700][gc,heap,exit ] Heap
[2020-05-04T21:58:41.834-0700][gc,heap,exit ]  garbage-first heap   total 1048576K, used 24486K [0x00000000c0000000, 0x0000000100000000)
[2020-05-04T21:58:41.834-0700][gc,heap,exit ]   region size 1024K, 25 young (25600K), 7 survivors (7168K)
[2020-05-04T21:58:41.834-0700][gc,heap,exit ]  Metaspace       used 19994K, capacity 20542K, committed 20608K, reserved 1067008K
[2020-05-04T21:58:41.834-0700][gc,heap,exit ]   class space    used 2428K, capacity 2654K, committed 2688K, reserved 1048576K
