[2020-05-04T21:58:52.181-0700][gc,heap] Heap region size: 1M
[2020-05-04T21:58:52.188-0700][gc     ] Using G1
[2020-05-04T21:58:52.188-0700][gc,heap,coops] Heap address: 0x00000000c0000000, size: 1024 MB, Compressed Oops mode: 32-bit
[2020-05-04T21:58:52.188-0700][gc,cds       ] Mark closed archive regions in map: [0x00000000fff00000, 0x00000000fff69ff8]
[2020-05-04T21:58:52.188-0700][gc,cds       ] Mark open archive regions in map: [0x00000000ffe00000, 0x00000000ffe46ff8]
[2020-05-04T21:58:59.929-0700][gc,heap,exit ] Heap
[2020-05-04T21:58:59.929-0700][gc,heap,exit ]  garbage-first heap   total 1048576K, used 47812K [0x00000000c0000000, 0x0000000100000000)
[2020-05-04T21:58:59.929-0700][gc,heap,exit ]   region size 1024K, 48 young (49152K), 0 survivors (0K)
[2020-05-04T21:58:59.929-0700][gc,heap,exit ]  Metaspace       used 14167K, capacity 14545K, committed 14848K, reserved 1062912K
[2020-05-04T21:58:59.929-0700][gc,heap,exit ]   class space    used 1749K, capacity 1938K, committed 2048K, reserved 1048576K
